// Jest Snapshot v1, https://goo.gl/fbAQLP

exports[`renders 1`] = `
.emotion-0 {
  background: #1c191c;
  color: white;
  -webkit-flex: 1;
  -ms-flex: 1;
  flex: 1;
  font-size: 6em;
  line-height: 130px;
  position: relative;
}

<div
  class="emotion-0"
  value="0"
>
  <div
    class="autoScalingText"
    data-testid="total"
    style="transform: scale(1,1);"
  >
    0
  </div>
</div>
`;
